/*
 * FUNCTIONAL TESTS
 */
\i sql/setup/setup.sql
begin;
create extension argm;
-- create and analyze tables (parallel plans work only on real tables, not on SRFs)
create table test_data_1_20 as select generate_series(1,20) x;
analyze test_data_1_20;
create table test_data_1_200k as select generate_series(1,200000) x;
analyze test_data_1_200k;
-- force parallel execution and check if it works
do $$
declare
    t text;
begin
    -- 9.6 and 10+ have different paramater names
    perform set_config(param_name, '0', true)
    from unnest('{
       min_parallel_relation_size,
       min_parallel_table_scan_size,
       min_parallel_index_scan_size,
       parallel_setup_cost,
       parallel_tuple_cost
    }'::text[]) param_name
    where param_name in (select name from pg_settings);

    perform set_config('max_parallel_workers_per_gather', '22', true);

    for t in explain select count(*) from test_data_1_20 loop
        if t like '%Gather%' then
            -- Here we can see parallel execution is on
            return;
        end if;
    end loop;
    raise 'Looks like parallel aggregation is off';
end;
$$;
create table tbl as 
select d,
       i,
       grp::text || '-' || d || '-' || repeat(i::text, 10) txt,
       grp
from (
       select date'2011-11-11' - di d,
              i
       from generate_series(1, 9) i
       cross join generate_series(1, 8) di
       order by random()
) _
cross join (values
       (1),
       (2),
       (3)
) grp (grp);
analyze tbl;
select grp, argmax(txt, i, d), argmin(array[txt], 1, i, d) from tbl group by grp order by grp;
 grp |         argmax          |          argmin           
-----+-------------------------+---------------------------
   1 | 1-11-10-2011-9999999999 | {1-11-03-2011-1111111111}
   2 | 2-11-10-2011-9999999999 | {2-11-03-2011-1111111111}
   3 | 3-11-10-2011-9999999999 | {3-11-03-2011-1111111111}
(3 rows)

-- TODO: rewrite like this after anonymous record types handling is fixed
-- select grp, argmax(txt, i, d), argmin(array[txt], (i, d)) from tbl group by grp order by grp;
select argmax(1, 2) filter (where false);
 argmax 
--------
       
(1 row)

-- This way a problem with combine function called with both arguments nulls was reproduced.
-- A bit of luck needed, as it relies on scan order.
select argmax(x, x) filter (where x = 1) from test_data_1_200k;
 argmax 
--------
      1
(1 row)

select argmax(x, x) filter (where x = 100000) from test_data_1_200k;
 argmax 
--------
 100000
(1 row)

select argmax(x, x) filter (where x = 200000) from test_data_1_200k;
 argmax 
--------
 200000
(1 row)

-- string comparison test
select argmax(x::text, x::text) = max(x::text) are_equal from (select relname x from pg_class) _;
 are_equal 
-----------
 t
(1 row)

\i sql/setup/teardown.sql
rollback;
